// Jest Snapshot v1, https://goo.gl/fbAQLP

exports[`About.vue About.vue is work 1`] = `
<v-main class="grey lighten-2">
  <v-layout row="row" wrap="wrap" class="ma-3">
    <v-flex xs8="xs8" class="d-md-inline">
      <v-sheet elevation="5" class="pa-5">
        <v-avatar color="grey" size="164" tile="tile" class="profile">
          <v-img src="@/assets/avatars/man.png" alt="Avatar"></v-img>
        </v-avatar>
        <v-text-field label="Name " single-line="single-line"></v-text-field>
        <v-text-field label="Email " single-line="single-line"></v-text-field>
        <v-btn small="small" class="ma-2">Sample</v-btn>
      </v-sheet>
    </v-flex>
    <v-flex xs8="xs8" class="d-md-inline">
      <v-sheet height="50" color="green lighten-3" elevation="5"></v-sheet>
    </v-flex>
  </v-layout>
</v-main>
`;
